$ vite build && tsc --noEmit
[36mvite v7.3.0 [32mbuilding client environment for production...[36m[39m
transforming...
[32mÔ£ô[39m 4095 modules transformed.
rendering chunks...
computing gzip size...
[2mdist/[22m[32mindex.html                                    [39m[1m[2m  1.15 kB[22m[1m[22m[2m Ôöé gzip:   0.47 kB[22m
[2mdist/[22m[35massets/index-D1HTCeC1.css                     [39m[1m[2m114.37 kB[22m[1m[22m[2m Ôöé gzip:  18.04 kB[22m
[2mdist/[22m[36massets/leads-over-time-chart-e8PoM3Cu.js      [39m[1m[2m  1.10 kB[22m[1m[22m[2m Ôöé gzip:   0.60 kB[22m
[2mdist/[22m[36massets/response-time-C0_-YWFC.js              [39m[1m[2m  1.18 kB[22m[1m[22m[2m Ôöé gzip:   0.58 kB[22m
[2mdist/[22m[36massets/messages-over-time-chart-yMswb2aZ.js   [39m[1m[2m  1.20 kB[22m[1m[22m[2m Ôöé gzip:   0.63 kB[22m
[2mdist/[22m[36massets/churn-alerts-BIyzyxYW.js               [39m[1m[2m  1.21 kB[22m[1m[22m[2m Ôöé gzip:   0.60 kB[22m
[2mdist/[22m[36massets/team-performance-OoiErkOm.js           [39m[1m[2m  1.47 kB[22m[1m[22m[2m Ôöé gzip:   0.64 kB[22m
[2mdist/[22m[36massets/leads-by-product-BXkt-ZBL.js           [39m[1m[2m  1.89 kB[22m[1m[22m[2m Ôöé gzip:   0.87 kB[22m
[2mdist/[22m[36massets/funnel-chart-D5trQq5l.js               [39m[1m[2m  1.94 kB[22m[1m[22m[2m Ôöé gzip:   0.93 kB[22m
[2mdist/[22m[36massets/student-conversations-tab-BxB9k8sz.js  [39m[1m[2m  1.98 kB[22m[1m[22m[2m Ôöé gzip:   0.83 kB[22m
[2mdist/[22m[36massets/recent-leads-dNxAdw1a.js               [39m[1m[2m  2.26 kB[22m[1m[22m[2m Ôöé gzip:   1.05 kB[22m
[2mdist/[22m[36massets/student-payments-tab-C6Psr2yy.js       [39m[1m[2m  2.50 kB[22m[1m[22m[2m Ôöé gzip:   1.08 kB[22m
[2mdist/[22m[36massets/leads-vs-conversions-D92e12y2.js       [39m[1m[2m  2.60 kB[22m[1m[22m[2m Ôöé gzip:   1.09 kB[22m
[2mdist/[22m[36massets/student-enrollments-tab-CRsjZxPW.js    [39m[1m[2m  3.35 kB[22m[1m[22m[2m Ôöé gzip:   1.39 kB[22m
[2mdist/[22m[36massets/pipeline-kanban-CEFFPWTH.js            [39m[1m[2m  7.57 kB[22m[1m[22m[2m Ôöé gzip:   3.01 kB[22m
[2mdist/[22m[36massets/lead-detail-DOquYKqC.js                [39m[1m[2m  7.62 kB[22m[1m[22m[2m Ôöé gzip:   2.18 kB[22m
[2mdist/[22m[36massets/lead-form-o27aRSkq.js                  [39m[1m[2m 10.31 kB[22m[1m[22m[2m Ôöé gzip:   3.05 kB[22m
[2mdist/[22m[36massets/backend-DIOXsfeg.js                    [39m[1m[2m 69.11 kB[22m[1m[22m[2m Ôöé gzip:  19.49 kB[22m
[2mdist/[22m[36massets/auth-ClwssMUL.js                       [39m[1m[2m 79.19 kB[22m[1m[22m[2m Ôöé gzip:  20.60 kB[22m
[2mdist/[22m[36massets/forms-Dup37a1b.js                      [39m[1m[2m 86.51 kB[22m[1m[22m[2m Ôöé gzip:  26.09 kB[22m
[2mdist/[22m[36massets/vendor-BpnOJRVt.js                     [39m[1m[2m 87.72 kB[22m[1m[22m[2m Ôöé gzip:  28.76 kB[22m
[2mdist/[22m[36massets/animation-CGeTELvo.js                  [39m[1m[2m126.48 kB[22m[1m[22m[2m Ôöé gzip:  42.33 kB[22m
[2mdist/[22m[36massets/ui--8crFwZg.js                         [39m[1m[2m276.13 kB[22m[1m[22m[2m Ôöé gzip:  76.21 kB[22m
[2mdist/[22m[36massets/charts-Dy9c7323.js                     [39m[1m[2m371.95 kB[22m[1m[22m[2m Ôöé gzip: 109.56 kB[22m
[2mdist/[22m[36massets/index-DbdBruGK.js                      [39m[1m[2m812.07 kB[22m[1m[22m[2m Ôöé gzip: 244.96 kB[22m
[32mÔ£ô built in 4.91s[39m
src/hooks/use-students-view-model.ts(38,28): error TS2345: Argument of type 'FunctionReference<"query", "public", { search?: string | undefined; product?: string | undefined; status?: string | undefined; churnRisk?: string | undefined; }, { _id: Id<"students">; _creationTime: number; ... 14 more ...; mainProduct?: string | undefined; }[], string | undefined> | "skip"' is not assignable to parameter of type 'FunctionReference<"query">'.
  Type 'string' is not assignable to type 'FunctionReference<"query">'.
src/hooks/use-students-view-model.ts(47,3): error TS2345: Argument of type 'FunctionReference<"query", "public", { search?: string | undefined; status?: string | undefined; churnRisk?: string | undefined; product?: string | undefined; }, { id: "trintae3" | "otb" | "black_neon" | "comunidade" | "auriculo" | "na_mesa_certa" | "sem_produto"; name: "trintae3" | ... 5 more ... | "sem_produto"; s...' is not assignable to parameter of type 'FunctionReference<"query">'.
  Type 'string' is not assignable to type 'FunctionReference<"query">'.
