$ vitest --run

[1m[46m RUN [49m[22m [36mv4.0.16 [39m[90mD:/gpus[39m

 [32m✓[39m src/example.test.ts [2m([22m[2m1 test[22m[2m)[22m[32m 11[2mms[22m[39m
 [32m✓[39m src/lib/utils.test.ts [2m([22m[2m3 tests[22m[2m)[22m[32m 24[2mms[22m[39m
[90mstderr[2m | convex/lib/encryption.test.ts[2m > [22m[2mEncryption Utilities (LGPD Compliance)[2m > [22m[2mshould throw error if ENCRYPTION_KEY is missing
[22m[39mEncryption error: Error: ENCRYPTION_KEY environment variable is required for LGPD compliance
    at getEncryptionKey (D:/gpus/convex/lib/encryption.ts:51:3)
    at getEncryptionKey (D:/gpus/convex/lib/encryption.ts:48:16)
    at encrypt (D:/gpus/convex/lib/encryption.ts:82:21)
    at encrypt (D:/gpus/convex/lib/encryption.ts:78:23)
    at D:/gpus/convex/lib/encryption.test.ts:64:18
    at D:/gpus/convex/lib/encryption.test.ts:62:57
    at [90mD:\gpus\[39mnode_modules\[4m@vitest[24m\runner\dist\index.js:915:25
    at [90mD:\gpus\[39mnode_modules\[4m@vitest[24m\runner\dist\index.js:914:9
    at [90mD:\gpus\[39mnode_modules\[4m@vitest[24m\runner\dist\index.js:1243:19
    at Promise (native)
    at runWithTimeout [90m(D:\gpus\[39mnode_modules\[4m@vitest[24m\runner\dist\index.js:1209:9[90m)[39m
    at runTest [90m(D:\gpus\[39mnode_modules\[4m@vitest[24m\runner\dist\index.js:1653:11[90m)[39m
    at processTicksAndRejections (native)

 [32m✓[39m convex/lgpd.test.ts [2m([22m[2m6 tests[22m[2m)[22m[32m 20[2mms[22m[39m
 [32m✓[39m convex/lib/encryption.test.ts [2m([22m[2m6 tests[22m[2m)[22m[32m 40[2mms[22m[39m
 [32m✓[39m tests/integration/asaas-sync.test.ts [2m([22m[2m7 tests[22m[2m)[22m[32m 21[2mms[22m[39m
 [32m✓[39m src/components/__tests__/theme-provider.test.tsx [2m([22m[2m8 tests[22m[2m)[22m[32m 126[2mms[22m[39m
 [32m✓[39m src/hooks/use-students-view-model.test.ts [2m([22m[2m9 tests[22m[2m)[22m[32m 88[2mms[22m[39m
 [32m✓[39m src/lib/xlsx-helper.test.ts [2m([22m[2m38 tests[22m[2m)[22m[32m 131[2mms[22m[39m
 [32m✓[39m src/components/ui/__tests__/form.test.tsx [2m([22m[2m3 tests[22m[2m)[22m[32m 257[2mms[22m[39m
 [32m✓[39m src/components/__tests__/theme-toggle.test.tsx [2m([22m[2m12 tests[22m[2m)[22m[33m 533[2mms[22m[39m
 [32m✓[39m src/components/crm/pipeline-kanban.test.tsx [2m([22m[2m2 tests[22m[2m)[22m[32m 239[2mms[22m[39m
 [32m✓[39m src/components/crm/lead-form.test.tsx [2m([22m[2m6 tests[22m[2m)[22m[33m 4476[2mms[22m[39m
     [33m[2m✓[22m[39m opens the dialog when clicked [33m 606[2mms[22m[39m
     [33m[2m✓[22m[39m validates required fields [33m 429[2mms[22m[39m
     [33m[2m✓[22m[39m submits valid form data [33m 1050[2mms[22m[39m
     [33m[2m✓[22m[39m handles optional clinic fields [33m 1469[2mms[22m[39m
     [33m[2m✓[22m[39m handles submission error [33m 836[2mms[22m[39m

[2m Test Files [22m [1m[32m12 passed[39m[22m[90m (12)[39m
[2m      Tests [22m [1m[32m101 passed[39m[22m[90m (101)[39m
[2m   Start at [22m 20:30:17
[2m   Duration [22m 7.10s[2m (transform 2.13s, setup 2.43s, import 5.39s, tests 5.97s, environment 13.45s)[22m

