convex/asaas/actions/retry.ts(107,11): error TS6133: '_pendingRetry' is declared but its value is never read.
convex/asaas/actions/retry.ts(196,11): error TS6133: '_retriedMultiple' is declared but its value is never read.
convex/asaas/actions/retry.ts(200,11): error TS6133: '_successRate' is declared but its value is never read.
